            --------------------------------------------------------
                             AMBER SQM VERSION 19
 
                                     By
              Ross C. Walker, Michael F. Crowley, Scott Brozell,
                         Tim Giese, Andreas W. Goetz,
                        Tai-Sung Lee and David A. Case
 
            --------------------------------------------------------
 

--------------------------------------------------------------------------------
  QM CALCULATION INFO
--------------------------------------------------------------------------------

| QMMM: Citation for AMBER QMMM Run:
| QMMM: R.C. Walker, M.F. Crowley and D.A. Case, J. COMP. CHEM. 29:1019, 2008

QMMM: SINGLET STATE CALCULATION
QMMM: RHF CALCULATION, NO. OF DOUBLY OCCUPIED LEVELS = 59

| QMMM: *** Selected Hamiltonian *** 
| QMMM: AM1         

| QMMM: *** Parameter sets in use ***
| QMMM: C : M.J.S.DEWAR et al. JACS, 107, 3902, (1985)
| QMMM: Cl: M.J.S.DEWAR et al. THEOCHEM, 180, 1, (1988)
| QMMM: O : M.J.S.DEWAR et al. JACS, 107, 3902, (1985)
| QMMM: N : M.J.S.DEWAR et al. JACS, 107, 3902, (1985)
| QMMM: H : M.J.S.DEWAR et al. JACS, 107, 3902, (1985)

| QMMM: *** SCF convergence criteria ***
| QMMM: Energy change                :  0.1D-09 kcal/mol
| QMMM: Error matrix |FP-PF|         :  0.1D+00 au
| QMMM: Density matrix change        :  0.5D-06
| QMMM: Maximum number of SCF cycles :     1000

| QMMM: *** Diagonalization Routine Information ***
| QMMM: Pseudo diagonalizations are allowed.
| QMMM: Auto diagonalization routine selection is in use.
| QMMM:
| QMMM: Timing diagonalization routines:
| QMMM:                              norbs =      105
| QMMM:    diag iterations used for timing =       10
| QMMM:
| QMMM:              Internal diag routine = 0.010729 seconds
| QMMM:                 Dspev diag routine = 0.017412 seconds
| QMMM:                Dspevd diag routine = 0.009652 seconds
| QMMM:                Dspevx diag routine = 0.038497 seconds
| QMMM:                 Dsyev diag routine = 0.012644 seconds
| QMMM:                Dsyevd diag routine = 0.006825 seconds
| QMMM:                Dsyevr diag routine = 0.012586 seconds
| QMMM:
| QMMM:                Pseudo diag routine = 0.003308 seconds
| QMMM:
| QMMM: Using dsyevd routine (diag_routine=6).

  QMMM: QM Region Cartesian Coordinates (*=link atom) 
  QMMM: QM_NO.   MM_NO.  ATOM         X         Y         Z
  QMMM:     1        1      C       -6.7680   -6.0290  -15.4960
  QMMM:     2        2      C       -7.3630   -4.7560  -15.5870
  QMMM:     3        3      C       -6.5920   -3.6260  -15.8250
  QMMM:     4        4      C       -8.7620   -9.1860  -16.0280
  QMMM:     5        5      C       -7.6480   -7.1690  -15.1630
  QMMM:     6        6      C       -9.5760   -9.5140  -14.9230
  QMMM:     7        7      C      -10.4480  -10.5960  -15.0330
  QMMM:     8        8      C       -5.3790   -6.1530  -15.6880
  QMMM:     9        9      C       -5.2250   -3.7570  -16.0030
  QMMM:    10       10      C       -4.6220   -5.0120  -15.9350
  QMMM:    11       11      Cl      -9.0780   -4.6020  -15.4470
  QMMM:    12       12      O       -8.1400   -7.2160  -14.0310
  QMMM:    13       13      N       -7.9150   -8.0780  -16.1160
  QMMM:    14       14      N      -10.4840  -11.3230  -16.1490
  QMMM:    15       15      C       -9.7280  -11.0610  -17.2160
  QMMM:    16       16      C       -8.8640   -9.9630  -17.1810
  QMMM:    17       17      N       -9.8320  -11.8770  -18.3640
  QMMM:    18       18      C       -8.8750  -11.9800  -19.3360
  QMMM:    19       19      O       -7.8420  -11.3390  -19.2710
  QMMM:    20       20      C       -9.0940  -12.9030  -20.5280
  QMMM:    21       21      C       -8.4480  -12.5430  -21.8730
  QMMM:    22       22      C       -7.9000  -13.7090  -21.0550
  QMMM:    23       23      Cl      -4.5810   -7.6960  -15.6770
  QMMM:    24       24      H       -7.0350   -2.6950  -15.8690
  QMMM:    25       25      H       -9.5270   -8.9640  -14.0510
  QMMM:    26       26      H      -11.0700  -10.8350  -14.2450
  QMMM:    27       27      H       -4.6490   -2.9210  -16.1870
  QMMM:    28       28      H       -3.6020   -5.0960  -16.0690
  QMMM:    29       29      H       -7.4600   -7.9480  -16.9790
  QMMM:    30       30      H       -8.2990   -9.7270  -18.0120
  QMMM:    31       31      H      -10.6520  -12.4100  -18.4730
  QMMM:    32       32      H      -10.0870  -13.1360  -20.2050
  QMMM:    33       33      H       -8.9740  -12.7310  -22.7860
  QMMM:    34       34      H       -8.0290  -11.6540  -22.2960
  QMMM:    35       35      H       -6.9460  -13.6250  -20.5780
  QMMM:    36       36      H       -7.7140  -14.7450  -21.2470

--------------------------------------------------------------------------------
  RESULTS
--------------------------------------------------------------------------------

      iter         sqm energy              rms gradient
      ----    -------------------    -----------------------
xmin    10       14.9731 kcal/mol        0.2097 kcal/(mol*A)
xmin    20       14.8174 kcal/mol        0.1897 kcal/(mol*A)
xmin    30       14.7847 kcal/mol        0.1787 kcal/(mol*A)
xmin    40       14.7660 kcal/mol        0.1738 kcal/(mol*A)
xmin    50       14.7270 kcal/mol        0.1055 kcal/(mol*A)
xmin    60       14.7399 kcal/mol        0.1984 kcal/(mol*A)
xmin    70       14.7073 kcal/mol        0.0113 kcal/(mol*A)
xmin    80       14.7057 kcal/mol        0.0253 kcal/(mol*A)
xmin    90       14.7044 kcal/mol        0.0185 kcal/(mol*A)
xmin   100       14.7015 kcal/mol        0.0572 kcal/(mol*A)
xmin   110       14.7003 kcal/mol        0.0253 kcal/(mol*A)
xmin   120       14.6995 kcal/mol        0.0048 kcal/(mol*A)
xmin   130       14.6991 kcal/mol        0.0402 kcal/(mol*A)
xmin   140       14.6983 kcal/mol        0.0146 kcal/(mol*A)
xmin   150       14.6976 kcal/mol        0.0090 kcal/(mol*A)
xmin   160       14.6975 kcal/mol        0.0062 kcal/(mol*A)
xmin   170       14.6974 kcal/mol        0.0029 kcal/(mol*A)
xmin   180       14.6974 kcal/mol        0.0034 kcal/(mol*A)
  ... geometry converged !
 
 Final MO eigenvalues (eV):
 -41.1953  -40.7739  -39.9547  -38.9190  -38.3248  -37.6386  -37.3405  -36.2391
 -35.1023  -32.9156  -31.8237  -31.0637  -30.5609  -26.4866  -25.8205  -24.2318
 -24.0071  -23.6250  -23.4127  -21.6833  -20.8953  -19.5043  -18.9908  -18.5184
 -18.0925  -17.5059  -17.1642  -16.7362  -16.4954  -16.4816  -16.0395  -15.7577
 -15.5616  -15.3723  -15.2480  -15.1284  -15.0339  -14.4589  -14.1454  -13.8288
 -13.7449  -13.6924  -13.1974  -12.9714  -12.5963  -12.4084  -12.3715  -12.3448
 -12.1929  -12.0862  -11.8836  -11.4776  -11.3849  -10.9737  -10.6408  -10.3589
  -9.9598   -9.4428   -9.0427   -0.5830   -0.4730    0.0635    0.1991    0.6539
   1.0805    1.1132    1.3153    1.3743    1.6161    1.9066    2.6059    2.8990
   2.9181    3.1769    3.2656    3.4381    3.4967    3.5688    3.6135    3.6527
   3.7588    3.8846    3.8852    3.9686    3.9980    4.2595    4.3116    4.3613
   4.4195    4.4208    4.4550    4.6205    4.7132    4.7364    4.7764    4.9675
   5.0007    5.0600    5.3416    5.8091    5.8674    5.9544    6.6704    6.7711
   6.9576

 Heat of formation   =         14.69742716 kcal/mol  (        0.63732827 eV)

 Total SCF energy    =     -97656.51699939 kcal/mol  (    -4234.70434931 eV)
 Electronic energy   =    -615215.16098782 kcal/mol  (   -26677.73127739 eV)
 Core-core repulsion =     517558.64398843 kcal/mol  (    22443.02692808 eV)
 
    Atomic Charges for Step       1 :
  Atom    Element       Mulliken Charge
     1      C                 -0.123
     2      C                 -0.027
     3      C                 -0.129
     4      C                  0.134
     5      C                  0.365
     6      C                 -0.238
     7      C                 -0.021
     8      C                 -0.026
     9      C                 -0.096
    10      C                 -0.129
    11      Cl                 0.018
    12      O                 -0.311
    13      N                 -0.314
    14      N                 -0.210
    15      C                  0.142
    16      C                 -0.255
    17      N                 -0.314
    18      C                  0.344
    19      O                 -0.354
    20      C                 -0.219
    21      C                 -0.177
    22      C                 -0.188
    23      Cl                 0.019
    24      H                  0.157
    25      H                  0.183
    26      H                  0.162
    27      H                  0.148
    28      H                  0.157
    29      H                  0.244
    30      H                  0.178
    31      H                  0.247
    32      H                  0.138
    33      H                  0.116
    34      H                  0.138
    35      H                  0.124
    36      H                  0.116
 Total Mulliken Charge =       0.000
 
                  X        Y        Z     TOTAL  
  QM DIPOLE     1.332    0.756   -3.220    3.566
 
 Final Structure

  QMMM: QM Region Cartesian Coordinates (*=link atom) 
  QMMM: QM_NO.   MM_NO.  ATOM         X         Y         Z
  QMMM:     1        1      C       -6.8221   -5.9120  -15.3797
  QMMM:     2        2      C       -7.4100   -4.7243  -15.8365
  QMMM:     3        3      C       -6.6220   -3.5977  -16.0952
  QMMM:     4        4      C       -8.6431   -9.1535  -16.0766
  QMMM:     5        5      C       -7.6753   -7.0990  -15.0399
  QMMM:     6        6      C       -9.2790   -9.6540  -14.9240
  QMMM:     7        7      C       -9.9963  -10.8552  -15.0386
  QMMM:     8        8      C       -5.4330   -5.9632  -15.2000
  QMMM:     9        9      C       -5.2434   -3.6609  -15.9024
  QMMM:    10       10      C       -4.6434   -4.8375  -15.4584
  QMMM:    11       11      Cl      -9.0860   -4.6377  -16.0839
  QMMM:    12       12      O       -8.1327   -7.2607  -13.8987
  QMMM:    13       13      N       -7.8950   -7.9700  -16.0993
  QMMM:    14       14      N      -10.1258  -11.5746  -16.1578
  QMMM:    15       15      C       -9.5077  -11.0912  -17.2903
  QMMM:    16       16      C       -8.7652   -9.8867  -17.2848
  QMMM:    17       17      N       -9.6833  -11.8564  -18.4630
  QMMM:    18       18      C       -8.9542  -11.7533  -19.6427
  QMMM:    19       19      O       -8.0721  -10.8950  -19.8268
  QMMM:    20       20      C       -9.3162  -12.7521  -20.7039
  QMMM:    21       21      C       -8.4937  -12.7686  -21.9675
  QMMM:    22       22      C       -8.3558  -13.8833  -20.9783
  QMMM:    23       23      Cl      -4.6895   -7.3923  -14.6690
  QMMM:    24       24      H       -7.0902   -2.6656  -16.4478
  QMMM:    25       25      H       -9.2280   -9.1359  -13.9556
  QMMM:    26       26      H      -10.5088  -11.2763  -14.1524
  QMMM:    27       27      H       -4.6229   -2.7735  -16.1027
  QMMM:    28       28      H       -3.5534   -4.8819  -15.3097
  QMMM:    29       29      H       -7.4775   -7.7382  -16.9754
  QMMM:    30       30      H       -8.2841   -9.5256  -18.2073
  QMMM:    31       31      H      -10.3065  -12.6335  -18.3868
  QMMM:    32       32      H      -10.4038  -12.9483  -20.7827
  QMMM:    33       33      H       -9.0102  -12.9518  -22.9261
  QMMM:    34       34      H       -7.6730  -12.0326  -22.0642
  QMMM:    35       35      H       -7.4303  -13.9548  -20.3785
  QMMM:    36       36      H       -8.7744  -14.8778  -21.2152

           --------- Calculation Completed ----------

